// Jest Snapshot v1, https://goo.gl/fbAQLP

exports[`ArticleList renders correctly 1`] = `
<div
  className="articlelist"
>
  <div>
    <h2 />
    <div />
    <h3>
      <a>
         
      </a>
    </h3>
    <p />
  </div>
  <div>
    <h2 />
    <div />
    <h3>
      <a>
         
      </a>
    </h3>
    <p />
  </div>
</div>
`;
